<html>
<head>
    <meta charset="UTF-8"/>
    <title>Simple Web SPL</title>
    <script src="main.js"></script>
</head>
<body>
    <div class="clazz">
        <h1>Hello World!</h1>
    </div>


    <h3>Feature C</h3>
</body>
</html>
